vFirstName           vLastName            vAddress                                 cCity           vFirstName           vLastName            vAddress             cCity
-------------------- -------------------- ---------------------------------------- --------------- -------------------- -------------------- -------------------- ---------------
Barbara              Johnson              227 Beach Ave.                           Sunnyvale       Barbara              Johnson              227 Beach Ave.       Sunnyvale      
Catherine            Roberts              5508 Aquiline Court                      San Jose        Catherine            Roberts              5508 Aquiline Court  San Jose       
Christopher          Davis                4896 11th ST                             Hill Avenue     Christopher          Davis                4896 11th ST         Hill Avenue    
Charles              Brown                7822 S. Glitzy Avenue                    Maitland        Jennifer             Martin               9812  76th Street    Brooklyn       
Barbara              Johnson              227 Beach Ave.                           Sunnyvale       Barbara              Johnson              227 Beach Ave.       Sunnyvale      
Donna                Anderson             7930 Orange St.                          Las Vegas       Donna                Anderson             7930 Orange St.      Las Vegas      
Cynthia              Miller               98066 Weary Storm Street                 Moon Park       Laura                Rodriguez            3242 Limestone       WayMarietta    
Daniel               Wilson               4642 Peripheral Drive                    Brecksville     Michelle             Hernandez            1353 Realm Lakes     Naperville     
David                Moore                8808 Joviality Drive                     San Ramon       David                Moore                8808 Joviality Drive San Ramon      
Betty                Williams             1 Tread Road                             Virginia Beach  Betty                Williams             1 Tread Road         Virginia Beach 

(10 行受影响)

